[2m2026-06-18T05:08:36.996405Z[0m [32m INFO[0m [2mene_desktop_v2[0m[2m:[0m ene-desktop-v2 starting: assets=C:\Users\pexisgle\AppData\Roaming\pexisgle\ene\data, default_vrm=characters/Alicia/AliciaSolid.vrm
[2m2026-06-18T05:08:37.273858Z[0m [32m INFO[0m [2mene_vrm::loader[0m[2m:[0m VRM AABB: min=[-0.61465096, -0.0013814764, -0.35808298] max=[0.61474854, 1.6502463, 0.27526098] extent=[1.2293994, 1.6516278, 0.63334394] max_extent=1.6516278 center=[4.87864e-5, 0.8244324, -0.041410998] normalize_scale=0.90819496 mesh_count=12 primitive_count=20
[2m2026-06-18T05:08:37.912746Z[0m [33m WARN[0m [2mene_vrm::expression[0m[2m:[0m Primitive PrimitiveId(10) has duplicate morph target name 'sad'; overwriting
[2m2026-06-18T05:08:37.913145Z[0m [33m WARN[0m [2mene_vrm::expression[0m[2m:[0m Primitive PrimitiveId(10) has duplicate morph target name 'relaxed'; overwriting
[2m2026-06-18T05:08:37.913281Z[0m [33m WARN[0m [2mene_vrm::expression[0m[2m:[0m Primitive PrimitiveId(10) has duplicate morph target name 'angry'; overwriting
[2m2026-06-18T05:08:37.928137Z[0m [33m WARN[0m [2mene_vrm::expression[0m[2m:[0m Primitive PrimitiveId(11) has duplicate morph target name 'sad'; overwriting
[2m2026-06-18T05:08:37.928365Z[0m [33m WARN[0m [2mene_vrm::expression[0m[2m:[0m Primitive PrimitiveId(11) has duplicate morph target name 'relaxed'; overwriting
[2m2026-06-18T05:08:37.928835Z[0m [33m WARN[0m [2mene_vrm::expression[0m[2m:[0m Primitive PrimitiveId(11) has duplicate morph target name 'angry'; overwriting
[2m2026-06-18T05:08:37.943779Z[0m [33m WARN[0m [2mene_vrm::expression[0m[2m:[0m Primitive PrimitiveId(12) has duplicate morph target name 'sad'; overwriting
[2m2026-06-18T05:08:37.943990Z[0m [33m WARN[0m [2mene_vrm::expression[0m[2m:[0m Primitive PrimitiveId(12) has duplicate morph target name 'relaxed'; overwriting
[2m2026-06-18T05:08:37.944112Z[0m [33m WARN[0m [2mene_vrm::expression[0m[2m:[0m Primitive PrimitiveId(12) has duplicate morph target name 'angry'; overwriting
[2m2026-06-18T05:08:38.166884Z[0m [32m INFO[0m [2mene_vrm::loader[0m[2m:[0m VRM C:\Users\pexisgle\AppData\Roaming\pexisgle\ene\data\characters/Alicia/AliciaSolid.vrm has 20 unlit primitive(s) (KHR_materials_unlit)
[2m2026-06-18T05:08:38.167127Z[0m [32m INFO[0m [2mene_vrm::loader[0m[2m:[0m VRM C:\Users\pexisgle\AppData\Roaming\pexisgle\ene\data\characters/Alicia/AliciaSolid.vrm loaded 51 expression(s) across 6 primitive(s)
[2m2026-06-18T05:08:38.167297Z[0m [32m INFO[0m [2mene_vrm::humanoid[0m[2m:[0m VRM humanoid: 55 bone(s) registered (out of 55 spec-defined)
[2m2026-06-18T05:08:38.167433Z[0m [32m INFO[0m [2mene_vrm::loader[0m[2m:[0m VRM C:\Users\pexisgle\AppData\Roaming\pexisgle\ene\data\characters/Alicia/AliciaSolid.vrm lookAt: type=Some(Bone), offsetFromHeadBone=Some([0.0, 0.059999943, 0.0])
[2m2026-06-18T05:08:38.167607Z[0m [32m INFO[0m [2mene_vrm::expression_override[0m[2m:[0m VRM 18 expression override definition(s) loaded
[2m2026-06-18T05:08:38.167791Z[0m [32m INFO[0m [2mene_vrm::loader[0m[2m:[0m VRM C:\Users\pexisgle\AppData\Roaming\pexisgle\ene\data\characters/Alicia/AliciaSolid.vrm 18 expression definition(s) with override metadata
[2m2026-06-18T05:08:38.168055Z[0m [32m INFO[0m [2mene_vrm::loader[0m[2m:[0m VRM C:\Users\pexisgle\AppData\Roaming\pexisgle\ene\data\characters/Alicia/AliciaSolid.vrm springBone: 14 collider(s), 6 group(s), 18 chain(s)
[2m2026-06-18T05:08:38.169173Z[0m [32m INFO[0m [2mene_desktop_v2::character[0m[2m:[0m Loaded VRM C:\Users\pexisgle\AppData\Roaming\pexisgle\ene\data\characters/Alicia/AliciaSolid.vrm: 12 meshes, 20 primitives, 21623 vertices, 95394 indices, 20 with base-color, 128 joints
[2m2026-06-18T05:08:38.257577Z[0m [32m INFO[0m [2mene_desktop_v2::character[0m[2m:[0m Loaded VRMA C:\Users\pexisgle\AppData\Roaming\pexisgle\ene\data\characters/Alicia/motions/VRMA_01.vrma (1 clip(s))
[2m2026-06-18T05:08:38.312710Z[0m [32m INFO[0m [2mene_desktop_v2::runtime[0m[2m:[0m PR4.19-diag: model_view_proj=[[0.8173754, 0.0, 0.0, 0.0], [0.0, 1.0844252, -0.001411164, 0.0], [0.0, -0.10844253, -0.014111639, 0.0], [-3.9876802e-5, -0.898526, 0.02975784, 1.0]] model_matrix_runtime=[[1.416784, 0.0, 0.0, 0.0], [0.0, 1.416784, 0.0, 0.0], [0.0, 0.0, 1.416784, 0.0], [-6.911979e-5, -1.1680427, 0.05867044, 1.0]] view_only=[[1.0, 0.0, -0.0, 0.0], [-0.0, 0.9950372, 0.099503726, 0.0], [0.0, -0.099503726, 0.9950372, 0.0], [-0.0, -0.0, -3.014963, 1.0]] proj_only=[[0.5769231, 0.0, 0.0, 0.0], [0.0, 0.7692308, 0.0, 0.0], [0.0, 0.0, -0.01001001, 0.0], [-0.0, -0.0, -0.001001001, 1.0]]
[2m2026-06-18T05:08:38.313210Z[0m [32m INFO[0m [2mene_desktop_v2::runtime[0m[2m:[0m PR4.2-diag: char_win=640x480 scale_factor=1.000 surface_config=640x480 depth_texture=640x480 camera_aspect=1.333 char_pos=Vec3(0.0, 0.0, 0.0) user_model_scale=1.000 (ignored) auto_fit_scale=1.560 model_uniform=[[1.416784, 0.0, 0.0, 0.0], [0.0, 1.416784, 0.0, 0.0], [0.0, 0.0, 1.416784, 0.0], [-6.911979e-5, -1.1680427, 0.05867044, 1.0]] cam_eye=[0.0, 0.3, 3.0] cam_target=[0.0, 0.0, 0.0] cam_viewport_h=2.600 loaded_aabb=Some(([-0.61465096, -0.0013814764, -0.35808298], [0.61474854, 1.6502463, 0.27526098]))
[2m2026-06-18T05:08:38.313382Z[0m [32m INFO[0m [2mene_desktop_v2::runtime[0m[2m:[0m PR4.19-diag: loader_center=[4.87864e-5, 0.8244324, -0.041410998] loader_normalize_scale=0.9082 merged_skel_joints=128 model_scale=(1.4168, 1.4168, 1.4168) model_translation=[0.0, 0.0, 0.0] view_proj_scale=(0.5769, 0.7692, 0.0100) view_proj_translation=[0.0, 0.0, 0.0] model_view_proj=[[0.8173754, 0.0, 0.0, 0.0], [0.0, 1.0844252, -0.001411164, 0.0], [0.0, -0.10844253, -0.014111639, 0.0], [-3.9876802e-5, -0.898526, 0.02975784, 1.0]]
